[backblue.gif]
[fade.gif]
[index.html]
[irpf-soluciona.org/favicon.png]
[connect.facebook.net/en_US/fbevents.js]
[irpf-soluciona.org/assets/index-B_x-pQyG.js]
[irpf-soluciona.org/informativo.html]
[sdks.shopifycdn.com/buy-button/latest/buy-button-storefront.min.js]
[connect.facebook.net/en_US/fbevents.js]
[irpf-soluciona.org/attached_assets/TikTokFont-Regular_1771528958262.woff2]
[irpf-soluciona.org/attached_assets/TikTokFont-Semibold_1771528958261.woff2]
[irpf-soluciona.org/attached_assets/TikTokFont-Bold_1771528958262.woff2]
[irpf-soluciona.org/assets/index-iOu2c8vk.css]
[irpf-soluciona.org/signals/config/index.html]
[irpf-soluciona.org/t.html]
[irpf-soluciona.org/e.html]
[irpf-soluciona.org/signals/plugins/index.html]
[irpf-soluciona.org/schema.org/index.html]
[irpf-soluciona.org/index.html]
[irpf-soluciona.org/t-2.html]
[irpf-soluciona.org/o.html]
[irpf-soluciona.org/signals/iwl.html]
[irpf-soluciona.org/signals/iwl0fc5.html]
[irpf-soluciona.org/n.html]
[irpf-soluciona.org/n-2.html]
